[2025-09-26 18:27:13] [31merror[39m:invalid credentilas
[2025-09-26 18:27:16] [31merror[39m:invalid credentilas
[2025-09-26 18:27:44] [31merror[39m:No User Found
[2025-09-27 18:03:48] [31merror[39m:No User Found
[2025-09-27 18:04:38] [31merror[39m:No User Found
[2025-09-27 18:04:46] [31merror[39m:No User Found
[2025-09-27 18:04:48] [31merror[39m:No User Found
[2025-09-27 18:06:19] [31merror[39m:No User Found
[2025-09-27 18:09:49] [31merror[39m:No User Found
[2025-09-27 18:09:54] [31merror[39m:No User Found
[2025-09-27 18:09:56] [31merror[39m:No User Found
[2025-09-27 18:13:35] [31merror[39m:No User Found
[2025-09-27 18:13:43] [31merror[39m:No User Found
[2025-09-27 18:13:44] [31merror[39m:No User Found
[2025-09-27 18:14:23] [31merror[39m:No User Found
[2025-09-27 18:14:24] [31merror[39m:No User Found
[2025-09-27 18:14:25] [31merror[39m:No User Found
[2025-09-27 18:15:27] [31merror[39m:No User Found
[2025-09-27 18:15:32] [31merror[39m:No User Found
[2025-09-27 18:15:52] [31merror[39m:No User Found
[2025-09-27 18:17:54] [31merror[39m:No User Found
[2025-09-27 18:18:12] [31merror[39m:No User Found
[2025-09-27 18:20:07] [31merror[39m:No User Found
[2025-09-27 18:20:22] [31merror[39m:No User Found
[2025-09-29 20:39:47] [31merror[39m:Schema hasn't been registered for model "Skill".
Use mongoose.model(name, schema)
[2025-09-29 20:43:28] [31merror[39m:Schema hasn't been registered for model "Skill".
Use mongoose.model(name, schema)
[2025-09-29 20:50:09] [31merror[39m:Schema hasn't been registered for model "Skills".
Use mongoose.model(name, schema)
[2025-09-29 21:10:59] [31merror[39m:Schema hasn't been registered for model "Skill".
Use mongoose.model(name, schema)
[2025-09-29 21:12:28] [31merror[39m:Schema hasn't been registered for model "Skill".
Use mongoose.model(name, schema)
[2025-09-29 21:12:54] [31merror[39m:Schema hasn't been registered for model "Skill".
Use mongoose.model(name, schema)
[2025-09-29 21:15:11] [31merror[39m:Schema hasn't been registered for model "Skill".
Use mongoose.model(name, schema)
[2025-09-29 21:15:26] [31merror[39m:Schema hasn't been registered for model "Skill".
Use mongoose.model(name, schema)
[2025-09-29 21:18:51] [31merror[39m:Schema hasn't been registered for model "Skill".
Use mongoose.model(name, schema)
[2025-09-29 21:20:14] [31merror[39m:Schema hasn't been registered for model "Skill".
Use mongoose.model(name, schema)
[2025-09-29 21:20:28] [31merror[39m:Schema hasn't been registered for model "Skill".
Use mongoose.model(name, schema)
[2025-09-29 21:24:39] [31merror[39m:Schema hasn't been registered for model "Skill".
Use mongoose.model(name, schema)
[2025-09-29 21:25:02] [31merror[39m:Schema hasn't been registered for model "Skill".
Use mongoose.model(name, schema)
[2025-09-29 21:28:55] [31merror[39m:Schema hasn't been registered for model "Skill".
Use mongoose.model(name, schema)
[2025-09-29 21:29:21] [31merror[39m:Schema hasn't been registered for model "Skill".
Use mongoose.model(name, schema)
[2025-09-29 21:29:34] [31merror[39m:Schema hasn't been registered for model "Skill".
Use mongoose.model(name, schema)
[2025-09-29 21:30:01] [31merror[39m:Schema hasn't been registered for model "Skill".
Use mongoose.model(name, schema)
[2025-09-29 21:40:38] [31merror[39m:Schema hasn't been registered for model "Skill".
Use mongoose.model(name, schema)
[2025-09-29 21:40:51] [31merror[39m:Schema hasn't been registered for model "Skill".
Use mongoose.model(name, schema)
[2025-09-29 21:41:16] [31merror[39m:Schema hasn't been registered for model "Skill".
Use mongoose.model(name, schema)
[2025-09-29 21:41:49] [31merror[39m:Schema hasn't been registered for model "Skill".
Use mongoose.model(name, schema)
[2025-09-29 21:44:33] [31merror[39m:Schema hasn't been registered for model "Skill".
Use mongoose.model(name, schema)
[2025-09-29 21:45:42] [31merror[39m:Schema hasn't been registered for model "Skill".
Use mongoose.model(name, schema)
[2025-09-29 21:45:56] [31merror[39m:Schema hasn't been registered for model "Skill".
Use mongoose.model(name, schema)
[2025-09-29 21:55:23] [31merror[39m:Schema hasn't been registered for model "Skill".
Use mongoose.model(name, schema)
[2025-09-29 22:28:03] [31merror[39m:Schema hasn't been registered for model "Skill".
Use mongoose.model(name, schema)
[2025-09-29 22:30:05] [31merror[39m:Schema hasn't been registered for model "Skill".
Use mongoose.model(name, schema)
[2025-09-29 22:30:07] [31merror[39m:Schema hasn't been registered for model "Skill".
Use mongoose.model(name, schema)
[2025-09-29 22:30:08] [31merror[39m:Schema hasn't been registered for model "Skill".
Use mongoose.model(name, schema)
[2025-09-29 22:30:09] [31merror[39m:Schema hasn't been registered for model "Skill".
Use mongoose.model(name, schema)
[2025-09-29 22:30:12] [31merror[39m:Schema hasn't been registered for model "Skill".
Use mongoose.model(name, schema)
[2025-09-29 22:30:34] [31merror[39m:Schema hasn't been registered for model "Skill".
Use mongoose.model(name, schema)
[2025-09-29 22:46:58] [31merror[39m:Cannot destructure property 'role' of 'req.body' as it is undefined.
[2025-09-29 22:48:06] [31merror[39m:Schema hasn't been registered for model "Skill".
Use mongoose.model(name, schema)
[2025-09-30 11:48:59] [31merror[39m:jwt must be provided
[2025-09-30 11:50:15] [31merror[39m:jwt must be provided
[2025-09-30 11:52:05] [31merror[39m:jwt must be provided
[2025-09-30 13:43:58] [31merror[39m:jwt must be provided
[2025-09-30 13:47:37] [31merror[39m:jwt must be provided
[2025-09-30 13:49:47] [31merror[39m:jwt must be provided
[2025-09-30 13:55:08] [31merror[39m:jwt must be provided
[2025-09-30 13:55:56] [31merror[39m:jwt must be provided
[2025-10-01 19:37:34] [31merror[39m:jwt must be provided
[2025-10-01 19:43:10] [31merror[39m:jwt must be provided
[2025-10-01 19:48:08] [31merror[39m:jwt must be provided
[2025-10-01 22:19:49] [31merror[39m:jwt must be provided
[2025-10-01 22:20:30] [31merror[39m:jwt must be provided
[2025-10-01 22:22:09] [31merror[39m:jwt must be provided
[2025-10-01 22:22:34] [31merror[39m:jwt must be provided
[2025-10-01 22:25:00] [31merror[39m:jwt must be provided
[2025-10-01 22:26:50] [31merror[39m:jwt must be provided
[2025-10-01 22:26:59] [31merror[39m:jwt must be provided
[2025-10-01 22:30:55] [31merror[39m:invalid credentilas
[2025-10-01 22:46:27] [31merror[39m:jwt must be provided
[2025-10-01 22:47:23] [31merror[39m:jwt must be provided
[2025-10-01 22:50:52] [31merror[39m:jwt must be provided
[2025-10-01 22:51:06] [31merror[39m:jwt must be provided
[2025-10-01 22:51:22] [31merror[39m:jwt must be provided
[2025-10-01 22:51:40] [31merror[39m:jwt must be provided
[2025-10-01 22:52:20] [31merror[39m:jwt must be provided
[2025-10-01 22:53:15] [31merror[39m:jwt must be provided
[2025-10-12 20:20:04] [31merror[39m:jwt must be provided
[2025-10-15 12:11:55] [31merror[39m:jwt must be provided
[2025-10-20 22:35:52] [31merror[39m:jwt must be provided
[2025-10-20 23:14:09] [31merror[39m:jwt must be provided
[2025-10-20 23:16:19] [31merror[39m:jwt must be provided
[2025-10-20 23:19:04] [31merror[39m:jwt must be provided
[2025-10-20 23:50:05] [31merror[39m:jwt must be provided
[2025-10-20 23:50:20] [31merror[39m:jwt must be provided
[2025-10-20 23:52:15] [31merror[39m:jwt must be provided
[2025-10-20 23:52:50] [31merror[39m:No User Found
[2025-10-20 23:52:51] [31merror[39m:No User Found
[2025-10-20 23:53:16] [31merror[39m:jwt must be provided
[2025-10-20 23:57:52] [31merror[39m:jwt must be provided
[2025-10-21 00:00:44] [31merror[39m:jwt must be provided
[2025-10-21 00:02:00] [31merror[39m:jwt must be provided
[2025-10-21 00:02:44] [31merror[39m:jwt must be provided
[2025-10-21 00:13:09] [31merror[39m:jwt must be provided
[2025-10-21 00:13:29] [31merror[39m:jwt must be provided
[2025-10-21 00:13:59] [31merror[39m:jwt must be provided
[2025-10-21 00:14:16] [31merror[39m:jwt must be provided
[2025-10-21 00:19:19] [31merror[39m:jwt must be provided
[2025-11-03 11:33:13] [31merror[39m:No User Found
[2025-11-03 11:33:26] [31merror[39m:No User Found
[2025-11-03 11:50:41] [31merror[39m:No User Found
[2025-11-03 11:54:05] [31merror[39m:No User Found
[2025-11-07 16:55:39] [31merror[39m:No User Found
[2025-11-07 17:20:53] [31merror[39m:No User Found
